###############################################################################
#
# IAR ELF Linker V9.30.1.335/W64 for ARM                  18/Dec/2022  16:01:35
# Copyright 2007-2022 IAR Systems AB.
#
#    Output file  =
#        D:\UNI\Semester 7\Embedded\Team1 CSE211 Project\Debug\Exe\Team1 CSE211
#        Project.out
#    Map file     =
#        D:\UNI\Semester 7\Embedded\Team1 CSE211 Project\Debug\List\Team1
#        CSE211 Project.map
#    Command line =
#        -f "D:\UNI\Semester 7\Embedded\Team1 CSE211 Project\Debug\Exe\Team1
#        CSE211 Project.out.rsp" ("D:\UNI\Semester 7\Embedded\Team1 CSE211
#        Project\Debug\Obj\Keypad.o" "D:\UNI\Semester 7\Embedded\Team1 CSE211
#        Project\Debug\Obj\Lcd.o" "D:\UNI\Semester 7\Embedded\Team1 CSE211
#        Project\Debug\Obj\main.o" "D:\UNI\Semester 7\Embedded\Team1 CSE211
#        Project\Debug\Obj\SysTimer.o" "D:\UNI\Semester 7\Embedded\Team1 CSE211
#        Project\Debug\Obj\Timers.o" --no_out_extension -o "D:\UNI\Semester
#        7\Embedded\Team1 CSE211 Project\Debug\Exe\Team1 CSE211 Project.out"
#        --redirect _Printf=_PrintfFullNoMb --redirect _Scanf=_ScanfFullNoMb
#        --map "D:\UNI\Semester 7\Embedded\Team1 CSE211
#        Project\Debug\List\Team1 CSE211 Project.map" --config "D:\Programs\IAR
#        Systems\Embedded Workbench
#        9.1\arm/config/linker/TexasInstruments/TM4C123GH6.icf" --semihosting
#        "D:\UNI\Semester
#        7\Embedded\tivaware_c_series_2_1_4_178__win\tivaware_c_series_2_1_4_178\driverlib\ewarm\Exe\driverlib.a"
#        --entry __iar_program_start --vfe --text_out locale --cpu=Cortex-M4
#        --fpu=VFPv4_sp)
#
###############################################################################

*******************************************************************************
*** MESSAGES
***

Warning[Lt009]: Inconsistent wchar_t size
            gpio.o(driverlib.a) and 5 other objects in driverlib.a have wchar_t
                      size 16 bits
            Keypad.o and 27 other objects, some of them in dl7M_tln.a and 11
                      other libraries have wchar_t size 32 bits


*******************************************************************************
*** RUNTIME MODEL ATTRIBUTES
***

CppFlavor       = *
__CPP_Runtime   = 1
__Heap_Handler  = Basic
__SystemLibrary = DLib
__dlib_version  = 6


*******************************************************************************
*** HEAP SELECTION
***

The basic heap was selected because --advanced_heap
was not specified and the application did not appear to
be primarily optimized for speed.


*******************************************************************************
*** PLACEMENT SUMMARY
***

"A0":  place at address 0x0 { ro section .intvec };
"P1":  place in [from 0x0 to 0x3'ffff] { ro };
define block CSTACK with size = 4K, alignment = 8 { };
define block HEAP with size = 8K, alignment = 8 { };
"P2":  place in [from 0x2000'0000 to 0x2000'7fff] {
          rw, block CSTACK, block HEAP };
initialize by copy { rw };

  Section            Kind         Address    Size  Object
  -------            ----         -------    ----  ------
"A0":                                        0x40
  .intvec            ro code          0x0    0x40  vector_table_M.o [5]
                                   - 0x40    0x40

"P1":                                      0x3b9c
  .text              ro code         0x40   0xe8e  xprintffull_nomb.o [2]
  .text              ro code        0xece    0x2a  copy_init3.o [5]
  .text              ro code        0xef8    0x16  strchr.o [5]
  .text              ro code        0xf0e    0x1a  xsnprout.o [2]
  .text              ro code        0xf28    0x40  xfail_s.o [2]
  .text              ro code        0xf68    0x36  strlen.o [5]
  .text              ro code        0xf9e     0x2  vectortrap_M.o [5]
  .text              ro code        0xfa0    0x58  memchr.o [5]
  .text              ro code        0xff8    0x76  ABImemcpy_unaligned.o [5]
  .text              ro code       0x1070    0x70  frexp.o [4]
  .text              ro code       0x10e0    0x34  DblCmpLe.o [4]
  .text              ro code       0x1114    0x34  DblCmpGe.o [4]
  .text              ro code       0x1148   0x13a  ldexp.o [4]
  .text              ro code       0x1284    0x36  DblToS32.o [4]
  .text              ro code       0x12bc    0x22  S32ToDbl.o [4]
  .text              ro code       0x12e0   0x24e  DblAddSub.o [4]
  .text              ro code       0x1530   0x246  DblDiv.o [4]
  .text              ro code       0x1778    0x22  DblToU32.o [4]
  .text              ro code       0x179c    0x1c  U32ToDbl.o [4]
  .text              ro code       0x17b8   0x1aa  DblMul.o [4]
  .text              ro code       0x1964   0x274  I64DivMod.o [5]
  .text              ro code       0x1bd8     0x6  abort.o [2]
  .text              ro code       0x1be0     0x2  I64DivZer.o [5]
  .text              ro code       0x1be4    0x14  exit.o [6]
  .text              ro code       0x1bf8   0xce0  main.o [1]
  .text              ro code       0x28d8    0x44  snprintf.o [2]
  .text              ro code       0x291c   0x13c  heap0.o [2]
  .text              ro code       0x2a58    0x1e  strcat.o [2]
  .text              ro code       0x2a78   0x2b2  Lcd.o [1]
  .text              ro code       0x2d2a     0x4  heaptramp0.o [2]
  .text              ro code       0x2d30   0x19c  timer.o [3]
  .text              ro code       0x2ecc   0x3f0  gpio.o [3]
  .text              ro code       0x32bc    0x66  ABImemset.o [5]
  .text              ro code       0x3324    0x44  SysTimer.o [1]
  .text              ro code       0x3368    0x44  sysctl.o [3]
  .text              ro code       0x33ac   0x170  interrupt.o [3]
  .text              ro code       0x351c   0x128  Keypad.o [1]
  .text              ro code       0x3644    0x9c  Timers.o [1]
  .text              ro code       0x36e0   0x1ac  iar_Stoullx.o [2]
  .text              ro code       0x388c    0x54  S64ToDbl.o [4]
  .text              ro code       0x38e0    0x2c  xgetmemchunk.o [2]
  .text              ro code       0x390c    0x4c  systick.o [3]
  .text              ro code       0x3958     0x8  cpu.o [3]
  .rodata            const         0x3960    0x50  iar_Stoullx.o [2]
  .text              ro code       0x39b0    0x38  zero_init3.o [5]
  .text              ro code       0x39e8    0x28  data_init.o [5]
  .text              ro code       0x3a10    0x22  fpinit_M.o [4]
  .iar.init_table    const         0x3a34    0x24  - Linker created -
  .text              ro code       0x3a58    0x1e  cmain.o [5]
  .text              ro code       0x3a76     0x4  low_level_init.o [2]
  .text              ro code       0x3a7a     0x4  exit.o [2]
  .text              ro code       0x3a80     0xa  cexit.o [5]
  .text              ro code       0x3a8c    0x1c  cstartup_M.o [5]
  .rodata            const         0x3aa8    0x14  main.o [1]
  .rodata            const         0x3abc    0x14  main.o [1]
  .rodata            const         0x3ad0    0x14  main.o [1]
  .rodata            const         0x3ae4    0x14  main.o [1]
  .rodata            const         0x3af8    0x14  main.o [1]
  .rodata            const         0x3b0c    0x14  main.o [1]
  .rodata            const         0x3b20    0x14  main.o [1]
  .rodata            const         0x3b34    0x14  main.o [1]
  .rodata            const         0x3b48    0x14  main.o [1]
  .rodata            const         0x3b5c    0x14  main.o [1]
  .rodata            const         0x3b70    0x14  main.o [1]
  .rodata            const         0x3b84    0x14  main.o [1]
  .rodata            const         0x3b98    0x10  Keypad.o [1]
  .rodata            const         0x3ba8    0x10  Keypad.o [1]
  Initializer bytes  const         0x3bb8     0xc  <for P2-1>
  .rodata            const         0x3bc4     0x8  main.o [1]
  .rodata            const         0x3bcc     0x8  main.o [1]
  .rodata            const         0x3bd4     0x8  main.o [1]
  .rodata            const         0x3bdc     0x0  zero_init3.o [5]
  .rodata            const         0x3bdc     0x0  copy_init3.o [5]
                                 - 0x3bdc  0x3b9c

"P2", part 1 of 3:                            0xc
  P2-1                        0x2000'0000     0xa  <Init block>
    .data            inited   0x2000'0000     0x4  main.o [1]
    .data            inited   0x2000'0004     0x2  main.o [1]
    .data            inited   0x2000'0006     0x2  main.o [1]
    .data            inited   0x2000'0008     0x1  SysTimer.o [1]
    .data            inited   0x2000'0009     0x1  Timers.o [1]
                            - 0x2000'000a     0xa

"P2", part 2 of 3:                          0x6a4
  VTABLE             zero     0x2000'0400   0x26c  interrupt.o [3]
  .bss               zero     0x2000'066c    0x10  main.o [1]
  .bss               zero     0x2000'067c     0x4  xgetmemchunk.o [2]
  .bss               zero     0x2000'0680     0x8  main.o [1]
  .bss               zero     0x2000'0688     0x8  main.o [1]
  .bss               zero     0x2000'0690     0x8  main.o [1]
  .bss               zero     0x2000'0698     0x8  heap0.o [2]
  .bss               zero     0x2000'06a0     0x4  xfail_s.o [2]
  .bss               zero     0x2000'06a4     0x2  main.o [1]
  .bss               zero     0x2000'06a6     0x2  main.o [1]
  .bss               zero     0x2000'06a8     0x2  main.o [1]
  .bss               zero     0x2000'06aa     0x2  main.o [1]
  .bss               zero     0x2000'06ac     0x2  main.o [1]
  .bss               zero     0x2000'06ae     0x2  main.o [1]
                            - 0x2000'06b0   0x6a4

"P2", part 3 of 3:                         0x3000
  CSTACK                      0x2000'06b0  0x1000  <Block>
    CSTACK           uninit   0x2000'06b0  0x1000  <Block tail>
  HEAP                        0x2000'16b0  0x2000  <Block>
    HEAP             uninit   0x2000'16b0  0x2000  <Block tail>
                            - 0x2000'36b0  0x3000

Unused ranges:

         From           To      Size
         ----           --      ----
       0x3bdc     0x3'ffff  0x3'c424
  0x2000'36b0  0x2000'7fff    0x4950


*******************************************************************************
*** INIT TABLE
***

          Address      Size
          -------      ----
Zero (__iar_zero_init3)
    1 destination range, total size 0x2b0:
          0x2000'0400  0x2b0

Copy (__iar_copy_init3)
    1 source range, total size 0xc (120% of destination):
               0x3bb8    0xc
    1 destination range, total size 0xa:
          0x2000'0000    0xa



*******************************************************************************
*** MODULE SUMMARY
***

    Module                 ro code  ro data  rw data
    ------                 -------  -------  -------
command line/config:
    ------------------------------------------------
    Total:

D:\UNI\Semester 7\Embedded\Team1 CSE211 Project\Debug\Obj: [1]
    Keypad.o                   296       32
    Lcd.o                      690
    SysTimer.o                  68        1        1
    Timers.o                   156        1        1
    main.o                   3'296      272       60
    ------------------------------------------------
    Total:                   4'506      306       62

dl7M_tln.a: [2]
    abort.o                      6
    exit.o                       4
    heap0.o                    316                 8
    heaptramp0.o                 4
    iar_Stoullx.o              428       80
    low_level_init.o             4
    snprintf.o                  68
    strcat.o                    30
    xfail_s.o                   64                 4
    xgetmemchunk.o              44                 4
    xprintffull_nomb.o       3'726
    xsnprout.o                  26
    ------------------------------------------------
    Total:                   4'720       80       16

driverlib.a: [3]
    cpu.o                        8
    gpio.o                   1'008
    interrupt.o                368               620
    sysctl.o                    68
    systick.o                   76
    timer.o                    412
    ------------------------------------------------
    Total:                   1'940               620

m7M_tls.a: [4]
    DblAddSub.o                590
    DblCmpGe.o                  52
    DblCmpLe.o                  52
    DblDiv.o                   582
    DblMul.o                   426
    DblToS32.o                  54
    DblToU32.o                  34
    S32ToDbl.o                  34
    S64ToDbl.o                  84
    U32ToDbl.o                  28
    fpinit_M.o                  34
    frexp.o                    112
    ldexp.o                    314
    ------------------------------------------------
    Total:                   2'396

rt7M_tl.a: [5]
    ABImemcpy_unaligned.o      118
    ABImemset.o                102
    I64DivMod.o                628
    I64DivZer.o                  2
    cexit.o                     10
    cmain.o                     30
    copy_init3.o                42
    cstartup_M.o                28
    data_init.o                 40
    memchr.o                    88
    strchr.o                    22
    strlen.o                    54
    vector_table_M.o            64
    vectortrap_M.o               2
    zero_init3.o                56
    ------------------------------------------------
    Total:                   1'286

shb_l.a: [6]
    exit.o                      20
    ------------------------------------------------
    Total:                      20

    Gaps                        30        2    1'012
    Linker created                       38   12'288
----------------------------------------------------
    Grand Total:            14'898      426   13'998


*******************************************************************************
*** ENTRY LIST
***

Entry                       Address   Size  Type      Object
-----                       -------   ----  ----      ------
.iar.init_table$$Base        0x3a34          --   Gb  - Linker created -
.iar.init_table$$Limit       0x3a58          --   Gb  - Linker created -
?main                        0x3a59         Code  Gb  cmain.o [5]
Aldata                  0x2000'0698    0x8  Data  Lc  heap0.o [2]
BusFault_Handler              0xf9f         Code  Wk  vectortrap_M.o [5]
CPUcpsie                     0x3959    0x8  Code  Gb  cpu.o [3]
CSTACK$$Base            0x2000'06b0          --   Gb  - Linker created -
CSTACK$$Limit           0x2000'16b0          --   Gb  - Linker created -
DebugMon_Handler              0xf9f         Code  Wk  vectortrap_M.o [5]
GPIODirModeSet               0x2f0d   0x28  Code  Gb  gpio.o [3]
GPIOIntClear                 0x309b    0x6  Code  Gb  gpio.o [3]
GPIOIntDisable               0x3085    0x6  Code  Gb  gpio.o [3]
GPIOIntEnable                0x307f    0x6  Code  Gb  gpio.o [3]
GPIOIntRegister              0x30a1   0x14  Code  Gb  gpio.o [3]
GPIOIntStatus                0x308b   0x10  Code  Gb  gpio.o [3]
GPIOIntTypeSet               0x2f35   0x4c  Code  Gb  gpio.o [3]
GPIOPadConfigSet             0x2f81   0xfe  Code  Gb  gpio.o [3]
GPIOPinRead                  0x30bd    0x6  Code  Gb  gpio.o [3]
GPIOPinTypeGPIOInput         0x30cd   0x14  Code  Gb  gpio.o [3]
GPIOPinTypeGPIOOutput        0x30e1    0xa  Code  Gb  gpio.o [3]
GPIOPinWrite                 0x30c3    0x6  Code  Gb  gpio.o [3]
HEAP$$Base              0x2000'16b0          --   Gb  - Linker created -
HEAP$$Limit             0x2000'36b0          --   Gb  - Linker created -
HardFault_Handler             0xf9f         Code  Wk  vectortrap_M.o [5]
IntEnable                    0x3407   0x56  Code  Gb  interrupt.o [3]
IntMasterEnable              0x33ad    0x8  Code  Gb  interrupt.o [3]
IntPrioritySet               0x33e3   0x24  Code  Gb  interrupt.o [3]
IntRegister                  0x33bd   0x26  Code  Gb  interrupt.o [3]
KeyPad_Init                  0x351d   0x62  Code  Gb  Keypad.o [1]
KeyPad_Read                  0x357f   0x90  Code  Gb  Keypad.o [1]
LCD_Clear                    0x2af3   0x10  Code  Gb  Lcd.o [1]
LCD_Command                  0x2a79   0x7a  Code  Gb  Lcd.o [1]
LCD_Cursor                   0x2c71   0x38  Code  Gb  Lcd.o [1]
LCD_Print                    0x2ca9   0x50  Code  Gb  Lcd.o [1]
LCD_PrintLn                  0x2cf9   0x32  Code  Gb  Lcd.o [1]
LCD_Show                     0x2bed   0x7a  Code  Gb  Lcd.o [1]
LCD_init                     0x2b03   0xea  Code  Gb  Lcd.o [1]
MemManage_Handler             0xf9f         Code  Wk  vectortrap_M.o [5]
NMI_Handler                   0xf9f         Code  Wk  vectortrap_M.o [5]
PendSV_Handler                0xf9f         Code  Wk  vectortrap_M.o [5]
Region$$Table$$Base          0x3a34          --   Gb  - Linker created -
Region$$Table$$Limit         0x3a58          --   Gb  - Linker created -
SVC_Handler                   0xf9f         Code  Wk  vectortrap_M.o [5]
SysCtlPeripheralEnable       0x3389    0x8  Code  Gb  sysctl.o [3]
SysCtlPeripheralReady        0x3369    0x8  Code  Gb  sysctl.o [3]
SysTdelayflag           0x2000'0008    0x1  Data  Gb  SysTimer.o [1]
SysTickDisable               0x3919    0xc  Code  Gb  systick.o [3]
SysTickEnable                0x390d    0xc  Code  Gb  systick.o [3]
SysTickIntEnable             0x393b    0xc  Code  Gb  systick.o [3]
SysTickIntRegister           0x3925   0x16  Code  Gb  systick.o [3]
SysTickPeriodSet             0x3947    0x8  Code  Gb  systick.o [3]
SysTick_Handler               0xf9f         Code  Wk  vectortrap_M.o [5]
SysTimHandler                0x3325    0xe  Code  Gb  SysTimer.o [1]
SysTimerDelay                0x3341   0x20  Code  Gb  SysTimer.o [1]
SysTimerDelayinit            0x3333    0xe  Code  Gb  SysTimer.o [1]
Tim0Handler                  0x3645   0x12  Code  Gb  Timers.o [1]
Tim0delayflag           0x2000'0009    0x1  Data  Gb  Timers.o [1]
Timer1IntHandler             0x1bf9   0xd0  Code  Gb  main.o [1]
Timer2IntHandler             0x1cc9  0x114  Code  Gb  main.o [1]
TimerConfigure               0x2d8b   0x52  Code  Gb  timer.o [3]
TimerDelay                   0x3693   0x3c  Code  Gb  Timers.o [1]
TimerDelayinit               0x3657   0x3c  Code  Gb  Timers.o [1]
TimerDisable                 0x2d7f    0xc  Code  Gb  timer.o [3]
TimerEnable                  0x2d73    0xc  Code  Gb  timer.o [3]
TimerIntClear                0x2e29    0x4  Code  Gb  timer.o [3]
TimerIntEnable               0x2e17    0x4  Code  Gb  timer.o [3]
TimerIntRegister             0x2dfd   0x1a  Code  Gb  timer.o [3]
TimerLoadSet                 0x2ded   0x10  Code  Gb  timer.o [3]
UsageFault_Handler            0xf9f         Code  Wk  vectortrap_M.o [5]
_GPIOIntNumberGet            0x2ecd   0x40  Code  Lc  gpio.o [3]
_LC                            0x41    0x6  Code  Lc  xprintffull_nomb.o [2]
_LitobFullNoMb                0xcd1  0x114  Code  Lc  xprintffull_nomb.o [2]
_PrintfFullNoMb                0x47  0xc76  Code  Gb  xprintffull_nomb.o [2]
_PutcharsFullNoMb             0xe3d   0x2e  Code  Lc  xprintffull_nomb.o [2]
_SNProut                      0xf0f   0x1a  Code  Gb  xsnprout.o [2]
_TimerIntNumberGet           0x2d31   0x42  Code  Lc  timer.o [3]
__aeabi_cdcmple              0x10e1         Code  Gb  DblCmpLe.o [4]
__aeabi_cdrcmple             0x1115         Code  Gb  DblCmpGe.o [4]
__aeabi_d2iz                 0x1285         Code  Gb  DblToS32.o [4]
__aeabi_d2uiz                0x1779         Code  Gb  DblToU32.o [4]
__aeabi_ddiv                 0x1531         Code  Gb  DblDiv.o [4]
__aeabi_dmul                 0x17b9         Code  Gb  DblMul.o [4]
__aeabi_dsub                 0x144d         Code  Gb  DblAddSub.o [4]
__aeabi_i2d                  0x12bd         Code  Gb  S32ToDbl.o [4]
__aeabi_l2d                  0x388d         Code  Gb  S64ToDbl.o [4]
__aeabi_ldiv0                0x1be1         Code  Gb  I64DivZer.o [5]
__aeabi_ldivmod              0x1965         Code  Gb  I64DivMod.o [5]
__aeabi_memset               0x32bd         Code  Gb  ABImemset.o [5]
__aeabi_ui2d                 0x179d         Code  Gb  U32ToDbl.o [4]
__aeabi_uldivmod             0x19a9         Code  Gb  I64DivMod.o [5]
__basic_free                 0x29c9   0x16  Code  Gb  heap0.o [2]
__basic_free_intern          0x29df   0x74  Code  Lc  heap0.o [2]
__basic_malloc               0x291d   0x18  Code  Gb  heap0.o [2]
__basic_malloc_intern        0x2935   0x94  Code  Lc  heap0.o [2]
__cmain                      0x3a59         Code  Gb  cmain.o [5]
__data_GetMemChunk           0x38e1   0x2c  Code  Gb  xgetmemchunk.o [2]
__data_GetMemChunk::start
                        0x2000'067c    0x4  Data  Lc  xgetmemchunk.o [2]
__exit                       0x1be5   0x14  Code  Gb  exit.o [6]
__iar_Fail_s                  0xf29   0x1c  Code  Gb  xfail_s.o [2]
__iar_Memchr                  0xfa1         Code  Gb  memchr.o [5]
__iar_Memset                 0x32bd         Code  Gb  ABImemset.o [5]
__iar_Memset_word            0x32c5         Code  Gb  ABImemset.o [5]
__iar_Stoull                 0x387f    0x2  Code  Gb  iar_Stoullx.o [2]
__iar_Stoullx                0x36e1  0x198  Code  Gb  iar_Stoullx.o [2]
__iar_Strchr                  0xef9         Code  Gb  strchr.o [5]
__iar_copy_init3              0xecf   0x2a  Code  Gb  copy_init3.o [5]
__iar_data_init3             0x39e9   0x28  Code  Gb  data_init.o [5]
__iar_frexp                  0x107d         Code  Gb  frexp.o [4]
__iar_frexpl                 0x107d         Code  Gb  frexp.o [4]
__iar_init_vfp               0x3a11         Code  Gb  fpinit_M.o [4]
__iar_ldexp64                0x1149         Code  Gb  ldexp.o [4]
__iar_program_start          0x3a8d         Code  Gb  cstartup_M.o [5]
__iar_scalbln64              0x1149         Code  Gb  ldexp.o [4]
__iar_scalbn64               0x1149         Code  Gb  ldexp.o [4]
__iar_softfp___iar_frexp64
                             0x1071         Code  Gb  frexp.o [4]
__iar_softfp_frexp           0x1071         Code  Gb  frexp.o [4]
__iar_softfp_frexpl          0x1071         Code  Gb  frexp.o [4]
__iar_unaligned_memcpy        0xff9         Code  Gb  ABImemcpy_unaligned.o [5]
__iar_unaligned_memcpy4
                             0x1019         Code  Gb  ABImemcpy_unaligned.o [5]
__iar_unaligned_memcpy8
                             0x1019         Code  Gb  ABImemcpy_unaligned.o [5]
__iar_zero_init3             0x39b1   0x38  Code  Gb  zero_init3.o [5]
__low_level_init             0x3a77    0x4  Code  Gb  low_level_init.o [2]
__vector_table                  0x0         Data  Gb  vector_table_M.o [5]
_call_main                   0x3a65         Code  Gb  cmain.o [5]
_exit                        0x3a81         Code  Gb  cexit.o [5]
abort                        0x1bd9    0x6  Code  Gb  abort.o [2]
atoll                        0x3881    0x6  Code  Gb  iar_Stoullx.o [2]
btnHandlers                  0x1ddd   0xe6  Code  Gb  main.o [1]
btns_init                    0x1ed1   0x66  Code  Gb  main.o [1]
calcin                  0x2000'066c   0x10  Data  Gb  main.o [1]
calciter                0x2000'06a8    0x2  Data  Gb  main.o [1]
digits                       0x3988   0x28  Data  Lc  iar_Stoullx.o [2]
exit                         0x3a7b    0x4  Code  Gb  exit.o [2]
free                         0x2d2b    0x4  Code  Gb  heaptramp0.o [2]
g_pfnRAMVectors         0x2000'0400  0x26c  Data  Lc  interrupt.o [3]
g_ppui32GPIOIntMapBlizzard
                             0x3124   0xc0  Data  Lc  gpio.o [3]
g_ppui32GPIOIntMapSnowflake
                             0x31e4   0xd8  Data  Lc  gpio.o [3]
g_ppui32TimerIntMap          0x2e2c   0x60  Data  Lc  timer.o [3]
g_ppui32TimerIntMapSnowflake
                             0x2e8c   0x40  Data  Lc  timer.o [3]
g_pui32EnRegs                0x3508   0x14  Data  Lc  interrupt.o [3]
g_pui32Regs                  0x346c   0x9c  Data  Lc  interrupt.o [3]
ldexp                        0x1149         Code  Gb  ldexp.o [4]
ldexpl                       0x1149         Code  Gb  ldexp.o [4]
main                         0x1f45  0x8f2  Code  Gb  main.o [1]
memchr                        0xfa1         Code  Gb  memchr.o [5]
minin                   0x2000'0000    0x4  Data  Gb  main.o [1]
ndigs                        0x3960   0x28  Data  Lc  iar_Stoullx.o [2]
oper1                   0x2000'0680    0x8  Data  Gb  main.o [1]
oper1len                0x2000'06aa    0x2  Data  Gb  main.o [1]
opermode                0x2000'06a6    0x2  Data  Gb  main.o [1]
scalbln                      0x1149         Code  Gb  ldexp.o [4]
scalblnl                     0x1149         Code  Gb  ldexp.o [4]
scalbn                       0x1149         Code  Gb  ldexp.o [4]
scalbnl                      0x1149         Code  Gb  ldexp.o [4]
scale                         0xde5   0x46  Code  Lc  xprintffull_nomb.o [2]
sec_hand                0x2000'06a0    0x4  Data  Lc  xfail_s.o [2]
secin                   0x2000'0006    0x2  Data  Gb  main.o [1]
seconds                 0x2000'0688    0x8  Data  Gb  main.o [1]
snprintf                     0x28d9   0x44  Code  Gb  snprintf.o [2]
state                   0x2000'0004    0x2  Data  Gb  main.o [1]
strcat                       0x2a59   0x1e  Code  Gb  strcat.o [2]
strchr                        0xef9         Code  Gb  strchr.o [5]
strlen                        0xf69         Code  Gb  strlen.o [5]
timiter                 0x2000'06ae    0x2  Data  Gb  main.o [1]
timmode                 0x2000'06ac    0x2  Data  Gb  main.o [1]
timremsec               0x2000'0690    0x8  Data  Gb  main.o [1]
waits                   0x2000'06a4    0x2  Data  Gb  main.o [1]


[1] = D:\UNI\Semester 7\Embedded\Team1 CSE211 Project\Debug\Obj
[2] = dl7M_tln.a
[3] = driverlib.a
[4] = m7M_tls.a
[5] = rt7M_tl.a
[6] = shb_l.a

  14'898 bytes of readonly  code memory
     426 bytes of readonly  data memory
  13'998 bytes of readwrite data memory

Errors: none
Warnings: 1
