###############################################################################
#
# IAR ELF Linker V9.30.1.335/W64 for ARM                  12/Dec/2022  15:37:43
# Copyright 2007-2022 IAR Systems AB.
#
#    Output file  =
#        D:\UNI\Semester 7\Embedded\Team1 CSE211 Project\Debug\Exe\Team1 CSE211
#        Project.out
#    Map file     =
#        D:\UNI\Semester 7\Embedded\Team1 CSE211 Project\Debug\List\Team1
#        CSE211 Project.map
#    Command line =
#        -f "D:\UNI\Semester 7\Embedded\Team1 CSE211 Project\Debug\Exe\Team1
#        CSE211 Project.out.rsp" ("D:\UNI\Semester 7\Embedded\Team1 CSE211
#        Project\Debug\Obj\Keypad.o" "D:\UNI\Semester 7\Embedded\Team1 CSE211
#        Project\Debug\Obj\lcd.o" "D:\UNI\Semester 7\Embedded\Team1 CSE211
#        Project\Debug\Obj\main.o" "D:\UNI\Semester 7\Embedded\Team1 CSE211
#        Project\Debug\Obj\SysTimer.o" "D:\UNI\Semester 7\Embedded\Team1 CSE211
#        Project\Debug\Obj\Timers.o" --no_out_extension -o "D:\UNI\Semester
#        7\Embedded\Team1 CSE211 Project\Debug\Exe\Team1 CSE211 Project.out"
#        --redirect _Printf=_PrintfFullNoMb --redirect _Scanf=_ScanfFullNoMb
#        --map "D:\UNI\Semester 7\Embedded\Team1 CSE211
#        Project\Debug\List\Team1 CSE211 Project.map" --config "D:\Programs\IAR
#        Systems\Embedded Workbench
#        9.1\arm/config/linker/TexasInstruments/TM4C123GH6.icf" --semihosting
#        "D:\UNI\Semester
#        7\Embedded\tivaware_c_series_2_1_4_178__win\tivaware_c_series_2_1_4_178\driverlib\ewarm\Exe\driverlib.a"
#        --entry __iar_program_start --vfe --text_out locale --cpu=Cortex-M4
#        --fpu=VFPv4_sp)
#
###############################################################################

*******************************************************************************
*** MESSAGES
***

Warning[Lt009]: Inconsistent wchar_t size
            gpio.o(driverlib.a) and 5 other objects in driverlib.a have wchar_t
                      size 16 bits
            Keypad.o and 17 other objects, some of them in dl7M_tln.a and 11
                      other libraries have wchar_t size 32 bits


*******************************************************************************
*** RUNTIME MODEL ATTRIBUTES
***

CppFlavor       = *
__CPP_Runtime   = 1
__SystemLibrary = DLib
__dlib_version  = 6


*******************************************************************************
*** HEAP SELECTION
***

The basic heap was selected because --advanced_heap
was not specified and the application did not appear to
be primarily optimized for speed.


*******************************************************************************
*** PLACEMENT SUMMARY
***

"A0":  place at address 0x0 { ro section .intvec };
"P1":  place in [from 0x0 to 0x3'ffff] { ro };
define block CSTACK with size = 4K, alignment = 8 { };
define block HEAP with size = 8K, alignment = 8 { };
"P2":  place in [from 0x2000'0000 to 0x2000'7fff] {
          rw, block CSTACK, block HEAP };
initialize by copy { rw };

  Section            Kind         Address    Size  Object
  -------            ----         -------    ----  ------
"A0":                                        0x40
  .intvec            ro code          0x0    0x40  vector_table_M.o [5]
                                   - 0x40    0x40

"P1":                                       0xbb0
  .text              ro code         0x40   0x280  lcd.o [1]
  .text              ro code        0x2c0   0x14e  gpio.o [3]
  .text              ro code        0x40e    0x2a  copy_init3.o [5]
  .text              ro code        0x438    0x40  SysTimer.o [1]
  .text              ro code        0x478    0x44  sysctl.o [3]
  .text              ro code        0x4bc    0x36  strlen.o [5]
  .text              ro code        0x4f2     0x2  vectortrap_M.o [5]
  .text              ro code        0x4f4    0x40  systick.o [3]
  .text              ro code        0x534    0xb0  interrupt.o [3]
  .text              ro code        0x5e4     0x8  cpu.o [3]
  .text              ro code        0x5ec   0x19c  timer.o [3]
  .text              ro code        0x788   0x128  Keypad.o [1]
  .text              ro code        0x8b0    0x56  ABImemcpy_unaligned.o [5]
  .text              ro code        0x908    0xcc  main.o [1]
  .text              ro code        0x9d4    0x9c  Timers.o [1]
  .text              ro code        0xa70    0x38  zero_init3.o [5]
  .text              ro code        0xaa8    0x28  data_init.o [5]
  .text              ro code        0xad0    0x22  fpinit_M.o [4]
  .iar.init_table    const          0xaf4    0x24  - Linker created -
  .text              ro code        0xb18    0x1e  cmain.o [5]
  .text              ro code        0xb36     0x4  low_level_init.o [2]
  .text              ro code        0xb3a     0x4  exit.o [2]
  .text              ro code        0xb40     0xa  cexit.o [5]
  .text              ro code        0xb4c    0x14  exit.o [6]
  .text              ro code        0xb60    0x1c  cstartup_M.o [5]
  .rodata            const          0xb7c    0x14  main.o [1]
  .rodata            const          0xb90    0x14  main.o [1]
  .rodata            const          0xba4    0x14  main.o [1]
  .rodata            const          0xbb8    0x14  main.o [1]
  .rodata            const          0xbcc    0x10  Keypad.o [1]
  .rodata            const          0xbdc    0x10  Keypad.o [1]
  Initializer bytes  const          0xbec     0x4  <for P2-1>
  .rodata            const          0xbf0     0x0  zero_init3.o [5]
  .rodata            const          0xbf0     0x0  copy_init3.o [5]
                                  - 0xbf0   0xbb0

"P2", part 1 of 3:                            0x4
  P2-1                        0x2000'0000     0x2  <Init block>
    .data            inited   0x2000'0000     0x1  SysTimer.o [1]
    .data            inited   0x2000'0001     0x1  Timers.o [1]
                            - 0x2000'0002     0x2

"P2", part 2 of 3:                          0x668
  VTABLE             zero     0x2000'0400   0x26c  interrupt.o [3]
                            - 0x2000'066c   0x668

"P2", part 3 of 3:                         0x1000
  CSTACK                      0x2000'0670  0x1000  <Block>
    CSTACK           uninit   0x2000'0670  0x1000  <Block tail>
                            - 0x2000'1670  0x1000

Unused ranges:

         From           To      Size
         ----           --      ----
        0xbf0     0x3'ffff  0x3'f410
  0x2000'066c  0x2000'066f       0x4
  0x2000'1670  0x2000'7fff    0x6990


*******************************************************************************
*** INIT TABLE
***

          Address      Size
          -------      ----
Zero (__iar_zero_init3)
    1 destination range, total size 0x26c:
          0x2000'0400  0x26c

Copy (__iar_copy_init3)
    1 source range, total size 0x4 (200% of destination):
                0xbec    0x4
    1 destination range, total size 0x2:
          0x2000'0000    0x2



*******************************************************************************
*** MODULE SUMMARY
***

    Module                 ro code  ro data  rw data
    ------                 -------  -------  -------
command line/config:
    ------------------------------------------------
    Total:

D:\UNI\Semester 7\Embedded\Team1 CSE211 Project\Debug\Obj: [1]
    Keypad.o                   296       32
    SysTimer.o                  64        1        1
    Timers.o                   156        1        1
    lcd.o                      640
    main.o                     204       80
    ------------------------------------------------
    Total:                   1'360      114        2

dl7M_tln.a: [2]
    exit.o                       4
    low_level_init.o             4
    ------------------------------------------------
    Total:                       8

driverlib.a: [3]
    cpu.o                        8
    gpio.o                     334
    interrupt.o                176               620
    sysctl.o                    68
    systick.o                   64
    timer.o                    412
    ------------------------------------------------
    Total:                   1'062               620

m7M_tls.a: [4]
    fpinit_M.o                  34
    ------------------------------------------------
    Total:                      34

rt7M_tl.a: [5]
    ABImemcpy_unaligned.o       86
    cexit.o                     10
    cmain.o                     30
    copy_init3.o                42
    cstartup_M.o                28
    data_init.o                 40
    strlen.o                    54
    vector_table_M.o            64
    vectortrap_M.o               2
    zero_init3.o                56
    ------------------------------------------------
    Total:                     412

shb_l.a: [6]
    exit.o                      20
    ------------------------------------------------
    Total:                      20

    Gaps                         6        2    1'020
    Linker created                       38    4'096
----------------------------------------------------
    Grand Total:             2'902      154    5'738


*******************************************************************************
*** ENTRY LIST
***

Entry                       Address   Size  Type      Object
-----                       -------   ----  ----      ------
.iar.init_table$$Base         0xaf4          --   Gb  - Linker created -
.iar.init_table$$Limit        0xb18          --   Gb  - Linker created -
?main                         0xb19         Code  Gb  cmain.o [5]
BusFault_Handler              0x4f3         Code  Wk  vectortrap_M.o [5]
CPUcpsie                      0x5e5    0x8  Code  Gb  cpu.o [3]
CSTACK$$Base            0x2000'0670          --   Gb  - Linker created -
CSTACK$$Limit           0x2000'1670          --   Gb  - Linker created -
DebugMon_Handler              0x4f3         Code  Wk  vectortrap_M.o [5]
GPIODirModeSet                0x2c1   0x28  Code  Gb  gpio.o [3]
GPIOPadConfigSet              0x2e9   0xfe  Code  Gb  gpio.o [3]
GPIOPinRead                   0x3e7    0x6  Code  Gb  gpio.o [3]
GPIOPinTypeGPIOOutput         0x3f3    0xa  Code  Gb  gpio.o [3]
GPIOPinWrite                  0x3ed    0x6  Code  Gb  gpio.o [3]
HardFault_Handler             0x4f3         Code  Wk  vectortrap_M.o [5]
IntEnable                     0x56b   0x56  Code  Gb  interrupt.o [3]
IntMasterEnable               0x535    0x8  Code  Gb  interrupt.o [3]
IntRegister                   0x545   0x26  Code  Gb  interrupt.o [3]
KeyPad_Init                   0x789   0x62  Code  Gb  Keypad.o [1]
KeyPad_Read                   0x7eb   0x90  Code  Gb  Keypad.o [1]
LCD_Clear                      0xbb   0x10  Code  Gb  lcd.o [1]
LCD_Command                    0x41   0x7a  Code  Gb  lcd.o [1]
LCD_Cursor                    0x239   0x38  Code  Gb  lcd.o [1]
LCD_Print                     0x271   0x50  Code  Gb  lcd.o [1]
LCD_Show                      0x1b5   0x7a  Code  Gb  lcd.o [1]
LCD_init                       0xcb   0xea  Code  Gb  lcd.o [1]
MemManage_Handler             0x4f3         Code  Wk  vectortrap_M.o [5]
NMI_Handler                   0x4f3         Code  Wk  vectortrap_M.o [5]
PendSV_Handler                0x4f3         Code  Wk  vectortrap_M.o [5]
Region$$Table$$Base           0xaf4          --   Gb  - Linker created -
Region$$Table$$Limit          0xb18          --   Gb  - Linker created -
SVC_Handler                   0x4f3         Code  Wk  vectortrap_M.o [5]
SysCtlPeripheralEnable        0x499    0x8  Code  Gb  sysctl.o [3]
SysCtlPeripheralReady         0x479    0x8  Code  Gb  sysctl.o [3]
SysTdelayflag           0x2000'0000    0x1  Data  Gb  SysTimer.o [1]
SysTickDisable                0x501    0xc  Code  Gb  systick.o [3]
SysTickEnable                 0x4f5    0xc  Code  Gb  systick.o [3]
SysTickIntRegister            0x50d   0x16  Code  Gb  systick.o [3]
SysTickPeriodSet              0x523    0x8  Code  Gb  systick.o [3]
SysTick_Handler               0x4f3         Code  Wk  vectortrap_M.o [5]
SysTimHandler                 0x439    0xe  Code  Gb  SysTimer.o [1]
SysTimerDelay                 0x451   0x20  Code  Gb  SysTimer.o [1]
SysTimerDelayinit             0x447    0xa  Code  Gb  SysTimer.o [1]
Tim0Handler                   0x9d5   0x12  Code  Gb  Timers.o [1]
Tim0delayflag           0x2000'0001    0x1  Data  Gb  Timers.o [1]
TimerConfigure                0x647   0x52  Code  Gb  timer.o [3]
TimerDelay                    0xa23   0x3c  Code  Gb  Timers.o [1]
TimerDelayinit                0x9e7   0x3c  Code  Gb  Timers.o [1]
TimerDisable                  0x63b    0xc  Code  Gb  timer.o [3]
TimerEnable                   0x62f    0xc  Code  Gb  timer.o [3]
TimerIntClear                 0x6e5    0x4  Code  Gb  timer.o [3]
TimerIntEnable                0x6d3    0x4  Code  Gb  timer.o [3]
TimerIntRegister              0x6b9   0x1a  Code  Gb  timer.o [3]
TimerLoadSet                  0x6a9   0x10  Code  Gb  timer.o [3]
UsageFault_Handler            0x4f3         Code  Wk  vectortrap_M.o [5]
_TimerIntNumberGet            0x5ed   0x42  Code  Lc  timer.o [3]
__cmain                       0xb19         Code  Gb  cmain.o [5]
__exit                        0xb4d   0x14  Code  Gb  exit.o [6]
__iar_copy_init3              0x40f   0x2a  Code  Gb  copy_init3.o [5]
__iar_data_init3              0xaa9   0x28  Code  Gb  data_init.o [5]
__iar_init_vfp                0xad1         Code  Gb  fpinit_M.o [4]
__iar_program_start           0xb61         Code  Gb  cstartup_M.o [5]
__iar_unaligned_memcpy4
                              0x8b1         Code  Gb  ABImemcpy_unaligned.o [5]
__iar_unaligned_memcpy8
                              0x8b1         Code  Gb  ABImemcpy_unaligned.o [5]
__iar_zero_init3              0xa71   0x38  Code  Gb  zero_init3.o [5]
__low_level_init              0xb37    0x4  Code  Gb  low_level_init.o [2]
__vector_table                  0x0         Data  Gb  vector_table_M.o [5]
_call_main                    0xb25         Code  Gb  cmain.o [5]
_exit                         0xb41         Code  Gb  cexit.o [5]
exit                          0xb3b    0x4  Code  Gb  exit.o [2]
g_pfnRAMVectors         0x2000'0400  0x26c  Data  Lc  interrupt.o [3]
g_ppui32TimerIntMap           0x6e8   0x60  Data  Lc  timer.o [3]
g_ppui32TimerIntMapSnowflake
                              0x748   0x40  Data  Lc  timer.o [3]
g_pui32EnRegs                 0x5d0   0x14  Data  Lc  interrupt.o [3]
main                          0x909   0xcc  Code  Gb  main.o [1]
strlen                        0x4bd         Code  Gb  strlen.o [5]


[1] = D:\UNI\Semester 7\Embedded\Team1 CSE211 Project\Debug\Obj
[2] = dl7M_tln.a
[3] = driverlib.a
[4] = m7M_tls.a
[5] = rt7M_tl.a
[6] = shb_l.a

  2'902 bytes of readonly  code memory
    154 bytes of readonly  data memory
  5'738 bytes of readwrite data memory

Errors: none
Warnings: 1
