###############################################################################
#
# IAR ELF Linker V9.30.1.335/W64 for ARM                  11/Dec/2022  20:30:22
# Copyright 2007-2022 IAR Systems AB.
#
#    Output file  =
#        D:\UNI\Semester 7\Embedded\Team1 CSE211 Project\Debug\Exe\Team1 CSE211
#        Project.out
#    Map file     =
#        D:\UNI\Semester 7\Embedded\Team1 CSE211 Project\Debug\List\Team1
#        CSE211 Project.map
#    Command line =
#        -f "D:\UNI\Semester 7\Embedded\Team1 CSE211 Project\Debug\Exe\Team1
#        CSE211 Project.out.rsp" ("D:\UNI\Semester 7\Embedded\Team1 CSE211
#        Project\Debug\Obj\Keypad.o" "D:\UNI\Semester 7\Embedded\Team1 CSE211
#        Project\Debug\Obj\lcd.o" "D:\UNI\Semester 7\Embedded\Team1 CSE211
#        Project\Debug\Obj\main.o" --no_out_extension -o "D:\UNI\Semester
#        7\Embedded\Team1 CSE211 Project\Debug\Exe\Team1 CSE211 Project.out"
#        --redirect _Printf=_PrintfFullNoMb --redirect _Scanf=_ScanfFullNoMb
#        --map "D:\UNI\Semester 7\Embedded\Team1 CSE211
#        Project\Debug\List\Team1 CSE211 Project.map" --config "D:\Programs\IAR
#        Systems\Embedded Workbench
#        9.1\arm/config/linker/TexasInstruments/TM4C123GH6.icf" --semihosting
#        "D:\UNI\Semester
#        7\Embedded\tivaware_c_series_2_1_4_178__win\tivaware_c_series_2_1_4_178\driverlib\ewarm\Exe\driverlib.a"
#        --entry __iar_program_start --vfe --text_out locale --cpu=Cortex-M4
#        --fpu=VFPv4_sp)
#
###############################################################################

*******************************************************************************
*** MESSAGES
***

Warning[Lt009]: Inconsistent wchar_t size
            gpio.o(driverlib.a) and 3 other objects in driverlib.a have wchar_t
                      size 16 bits
            Keypad.o and 26 other objects, some of them in dl7M_tln.a and 16
                      other libraries have wchar_t size 32 bits


*******************************************************************************
*** RUNTIME MODEL ATTRIBUTES
***

CppFlavor       = *
__CPP_Runtime   = 1
__SystemLibrary = DLib
__dlib_version  = 6


*******************************************************************************
*** HEAP SELECTION
***

The basic heap was selected because --advanced_heap
was not specified and the application did not appear to
be primarily optimized for speed.


*******************************************************************************
*** PLACEMENT SUMMARY
***

"A0":  place at address 0x0 { ro section .intvec };
"P1":  place in [from 0x0 to 0x3'ffff] { ro };
define block CSTACK with size = 4K, alignment = 8 { };
define block HEAP with size = 8K, alignment = 8 { };
"P2":  place in [from 0x2000'0000 to 0x2000'7fff] {
          rw, block CSTACK, block HEAP };
initialize by copy { rw };

  Section            Kind         Address    Size  Object
  -------            ----         -------    ----  ------
"A0":                                        0x40
  .intvec            ro code          0x0    0x40  vector_table_M.o [5]
                                   - 0x40    0x40

"P1":                                      0x2430
  .text              ro code         0x40   0xe8e  xprintffull_nomb.o [2]
  .text              ro code        0xece    0x2a  copy_init3.o [5]
  .text              ro code        0xef8    0x16  strchr.o [5]
  .text              ro code        0xf0e     0x2  vectortrap_M.o [5]
  .text              ro code        0xf10    0x40  xfail_s.o [2]
  .text              ro code        0xf50    0x36  strlen.o [5]
  .text              ro code        0xf88    0x58  memchr.o [5]
  .text              ro code        0xfe0    0x76  ABImemcpy_unaligned.o [5]
  .text              ro code       0x1058    0x70  frexp.o [4]
  .text              ro code       0x10c8    0x34  DblCmpLe.o [4]
  .text              ro code       0x10fc    0x34  DblCmpGe.o [4]
  .text              ro code       0x1130   0x13a  ldexp.o [4]
  .text              ro code       0x126c    0x36  DblToS32.o [4]
  .text              ro code       0x12a4    0x22  S32ToDbl.o [4]
  .text              ro code       0x12c8   0x24e  DblAddSub.o [4]
  .text              ro code       0x1518   0x246  DblDiv.o [4]
  .text              ro code       0x1760    0x22  DblToU32.o [4]
  .text              ro code       0x1784    0x1c  U32ToDbl.o [4]
  .text              ro code       0x17a0   0x1aa  DblMul.o [4]
  .text              ro code       0x194c   0x230  I64DivMod.o [5]
  .text              ro code       0x1b7c     0x6  abort.o [2]
  .text              ro code       0x1b84     0x2  I64DivZer.o [5]
  .text              ro code       0x1b88    0x14  exit.o [6]
  .text              ro code       0x1b9c    0x7c  iarttio.o [6]
  .text              ro code       0x1c18     0x8  XShttio.o [2]
  .text              ro code       0x1c20   0x270  lcd.o [1]
  .text              ro code       0x1e90   0x14e  gpio.o [3]
  .text              ro code       0x1fe0   0x140  sysctl.o [3]
  .text              ro code       0x2120   0x128  Keypad.o [1]
  .text              ro code       0x2248    0x7c  main.o [1]
  .text              ro code       0x22c4    0x28  printf.o [2]
  .text              ro code       0x22ec    0x28  data_init.o [5]
  .text              ro code       0x2314    0x22  fpinit_M.o [4]
  .text              ro code       0x2336    0x22  iarwrite.o [6]
  .iar.init_table    const         0x2358    0x14  - Linker created -
  .text              ro code       0x236c    0x20  putchar.o [2]
  .text              ro code       0x238c    0x10  write.o [6]
  .text              ro code       0x239c    0x1e  dwrite.o [6]
  .text              ro code       0x23ba    0x20  iarwstd.o [6]
  .text              ro code       0x23dc    0x1e  cmain.o [5]
  .text              ro code       0x23fa     0x4  low_level_init.o [2]
  .text              ro code       0x23fe     0x4  exit.o [2]
  .text              ro code       0x2404     0xa  cexit.o [5]
  .text              ro code       0x2410    0x1c  cstartup_M.o [5]
  .text              ro code       0x242c    0x16  xprout.o [2]
  .rodata            const         0x2444    0x10  Keypad.o [1]
  .rodata            const         0x2454    0x10  Keypad.o [1]
  Initializer bytes  const         0x2464     0xc  <for P2-1>
  .rodata            const         0x2470     0x0  copy_init3.o [5]
                                 - 0x2470  0x2430

"P2", part 1 of 2:                            0xc
  P2-1                        0x2000'0000     0xc  <Init block>
    .data            inited   0x2000'0000     0x8  XShttio.o [2]
    .bss             inited   0x2000'0008     0x4  xfail_s.o [2]
                            - 0x2000'000c     0xc

"P2", part 2 of 2:                         0x1000
  CSTACK                      0x2000'0010  0x1000  <Block>
    CSTACK           uninit   0x2000'0010  0x1000  <Block tail>
                            - 0x2000'1010  0x1000

Unused ranges:

         From           To      Size
         ----           --      ----
       0x2470     0x3'ffff  0x3'db90
  0x2000'000c  0x2000'000f       0x4
  0x2000'1010  0x2000'7fff    0x6ff0


*******************************************************************************
*** INIT TABLE
***

          Address      Size
          -------      ----
Copy (__iar_copy_init3)
    1 source range, total size 0xc:
               0x2464   0xc
    1 destination range, total size 0xc:
          0x2000'0000   0xc



*******************************************************************************
*** MODULE SUMMARY
***

    Module                 ro code  ro data  rw data
    ------                 -------  -------  -------
command line/config:
    ------------------------------------------------
    Total:

D:\UNI\Semester 7\Embedded\Team1 CSE211 Project\Debug\Obj: [1]
    Keypad.o                   296       32
    lcd.o                      624
    main.o                     124
    ------------------------------------------------
    Total:                   1'044       32

dl7M_tln.a: [2]
    XShttio.o                    8        8        8
    abort.o                      6
    exit.o                       4
    low_level_init.o             4
    printf.o                    40
    putchar.o                   32
    xfail_s.o                   64        4        4
    xprintffull_nomb.o       3'726
    xprout.o                    22
    ------------------------------------------------
    Total:                   3'906       12       12

driverlib.a: [3]
    gpio.o                     334
    sysctl.o                   320
    ------------------------------------------------
    Total:                     654

m7M_tls.a: [4]
    DblAddSub.o                590
    DblCmpGe.o                  52
    DblCmpLe.o                  52
    DblDiv.o                   582
    DblMul.o                   426
    DblToS32.o                  54
    DblToU32.o                  34
    S32ToDbl.o                  34
    U32ToDbl.o                  28
    fpinit_M.o                  34
    frexp.o                    112
    ldexp.o                    314
    ------------------------------------------------
    Total:                   2'312

rt7M_tl.a: [5]
    ABImemcpy_unaligned.o      118
    I64DivMod.o                560
    I64DivZer.o                  2
    cexit.o                     10
    cmain.o                     30
    copy_init3.o                42
    cstartup_M.o                28
    data_init.o                 40
    memchr.o                    88
    strchr.o                    22
    strlen.o                    54
    vector_table_M.o            64
    vectortrap_M.o               2
    ------------------------------------------------
    Total:                   1'060

shb_l.a: [6]
    dwrite.o                    30
    exit.o                      20
    iarttio.o                  124
    iarwrite.o                  34
    iarwstd.o                   32
    write.o                     16
    ------------------------------------------------
    Total:                     256

    Gaps                        30        2
    Linker created                       20    4'096
----------------------------------------------------
    Grand Total:             9'262       66    4'108


*******************************************************************************
*** ENTRY LIST
***

Entry                       Address   Size  Type      Object
-----                       -------   ----  ----      ------
.iar.init_table$$Base        0x2358          --   Gb  - Linker created -
.iar.init_table$$Limit       0x236c          --   Gb  - Linker created -
?main                        0x23dd         Code  Gb  cmain.o [5]
BusFault_Handler              0xf0f         Code  Wk  vectortrap_M.o [5]
CSTACK$$Base            0x2000'0010          --   Gb  - Linker created -
CSTACK$$Limit           0x2000'1010          --   Gb  - Linker created -
DebugMon_Handler              0xf0f         Code  Wk  vectortrap_M.o [5]
GPIODirModeSet               0x1e91   0x28  Code  Gb  gpio.o [3]
GPIOPadConfigSet             0x1eb9   0xfe  Code  Gb  gpio.o [3]
GPIOPinRead                  0x1fb7    0x6  Code  Gb  gpio.o [3]
GPIOPinTypeGPIOOutput        0x1fc3    0xa  Code  Gb  gpio.o [3]
GPIOPinWrite                 0x1fbd    0x6  Code  Gb  gpio.o [3]
HardFault_Handler             0xf0f         Code  Wk  vectortrap_M.o [5]
KeyPad_Init                  0x2121   0x62  Code  Gb  Keypad.o [1]
KeyPad_Read                  0x2183   0x90  Code  Gb  Keypad.o [1]
LCD_Clear                    0x1c9b   0x10  Code  Gb  lcd.o [1]
LCD_Command                  0x1c21   0x7a  Code  Gb  lcd.o [1]
LCD_Cursor                   0x1e09   0x38  Code  Gb  lcd.o [1]
LCD_Print                    0x1e41   0x50  Code  Gb  lcd.o [1]
LCD_Show                     0x1d85   0x7a  Code  Gb  lcd.o [1]
LCD_init                     0x1cab   0xda  Code  Gb  lcd.o [1]
MemManage_Handler             0xf0f         Code  Wk  vectortrap_M.o [5]
NMI_Handler                   0xf0f         Code  Wk  vectortrap_M.o [5]
PendSV_Handler                0xf0f         Code  Wk  vectortrap_M.o [5]
Region$$Table$$Base          0x2358          --   Gb  - Linker created -
Region$$Table$$Limit         0x236c          --   Gb  - Linker created -
SVC_Handler                   0xf0f         Code  Wk  vectortrap_M.o [5]
SysCtlClockSet               0x2025   0xd8  Code  Gb  sysctl.o [3]
SysCtlDelay                  0x201d    0x8  Code  Gb  sysctl.o [3]
SysCtlPeripheralEnable       0x2001    0x8  Code  Gb  sysctl.o [3]
SysCtlPeripheralReady        0x1fe1    0x8  Code  Gb  sysctl.o [3]
SysTick_Handler               0xf0f         Code  Wk  vectortrap_M.o [5]
UsageFault_Handler            0xf0f         Code  Wk  vectortrap_M.o [5]
_LC                            0x41    0x6  Code  Lc  xprintffull_nomb.o [2]
_LitobFullNoMb                0xcd1  0x114  Code  Lc  xprintffull_nomb.o [2]
_PrintfFullNoMb                0x47  0xc76  Code  Gb  xprintffull_nomb.o [2]
_Prout                       0x242d   0x16  Code  Gb  xprout.o [2]
_PutcharsFullNoMb             0xe3d   0x2e  Code  Lc  xprintffull_nomb.o [2]
__aeabi_cdcmple              0x10c9         Code  Gb  DblCmpLe.o [4]
__aeabi_cdrcmple             0x10fd         Code  Gb  DblCmpGe.o [4]
__aeabi_d2iz                 0x126d         Code  Gb  DblToS32.o [4]
__aeabi_d2uiz                0x1761         Code  Gb  DblToU32.o [4]
__aeabi_ddiv                 0x1519         Code  Gb  DblDiv.o [4]
__aeabi_dmul                 0x17a1         Code  Gb  DblMul.o [4]
__aeabi_dsub                 0x1435         Code  Gb  DblAddSub.o [4]
__aeabi_i2d                  0x12a5         Code  Gb  S32ToDbl.o [4]
__aeabi_ldiv0                0x1b85         Code  Gb  I64DivZer.o [5]
__aeabi_ui2d                 0x1785         Code  Gb  U32ToDbl.o [4]
__aeabi_uldivmod             0x194d         Code  Gb  I64DivMod.o [5]
__cmain                      0x23dd         Code  Gb  cmain.o [5]
__dwrite                     0x239d   0x1e  Code  Gb  dwrite.o [6]
__exit                       0x1b89   0x14  Code  Gb  exit.o [6]
__iar_Fail_s                  0xf11   0x1c  Code  Gb  xfail_s.o [2]
__iar_Memchr                  0xf89         Code  Gb  memchr.o [5]
__iar_Strchr                  0xef9         Code  Gb  strchr.o [5]
__iar_close_ttio             0x1b9d   0x2c  Code  Gb  iarttio.o [6]
__iar_copy_init3              0xecf   0x2a  Code  Gb  copy_init3.o [5]
__iar_data_init3             0x22ed   0x28  Code  Gb  data_init.o [5]
__iar_frexp                  0x1065         Code  Gb  frexp.o [4]
__iar_frexpl                 0x1065         Code  Gb  frexp.o [4]
__iar_get_ttio               0x1bc9   0x4c  Code  Gb  iarttio.o [6]
__iar_init_vfp               0x2315         Code  Gb  fpinit_M.o [4]
__iar_ldexp64                0x1131         Code  Gb  ldexp.o [4]
__iar_lookup_ttioh           0x1c19    0x8  Code  Gb  XShttio.o [2]
__iar_program_start          0x2411         Code  Gb  cstartup_M.o [5]
__iar_scalbln64              0x1131         Code  Gb  ldexp.o [4]
__iar_scalbn64               0x1131         Code  Gb  ldexp.o [4]
__iar_sh_stdout              0x23bb   0x20  Code  Gb  iarwstd.o [6]
__iar_sh_write               0x2337   0x22  Code  Gb  iarwrite.o [6]
__iar_softfp___iar_frexp64
                             0x1059         Code  Gb  frexp.o [4]
__iar_softfp_frexp           0x1059         Code  Gb  frexp.o [4]
__iar_softfp_frexpl          0x1059         Code  Gb  frexp.o [4]
__iar_ttio_handles      0x2000'0000    0x8  Data  Lc  XShttio.o [2]
__iar_unaligned_memcpy        0xfe1         Code  Gb  ABImemcpy_unaligned.o [5]
__iar_unaligned_memcpy4
                             0x1001         Code  Gb  ABImemcpy_unaligned.o [5]
__iar_unaligned_memcpy8
                             0x1001         Code  Gb  ABImemcpy_unaligned.o [5]
__low_level_init             0x23fb    0x4  Code  Gb  low_level_init.o [2]
__vector_table                  0x0         Data  Gb  vector_table_M.o [5]
__write                      0x238d   0x10  Code  Gb  write.o [6]
_call_main                   0x23e9         Code  Gb  cmain.o [5]
_exit                        0x2405         Code  Gb  cexit.o [5]
abort                        0x1b7d    0x6  Code  Gb  abort.o [2]
exit                         0x23ff    0x4  Code  Gb  exit.o [2]
ldexp                        0x1131         Code  Gb  ldexp.o [4]
ldexpl                       0x1131         Code  Gb  ldexp.o [4]
main                         0x2249   0x7c  Code  Gb  main.o [1]
memchr                        0xf89         Code  Gb  memchr.o [5]
printf                       0x22c5   0x28  Code  Gb  printf.o [2]
putchar                      0x236d   0x20  Code  Gb  putchar.o [2]
scalbln                      0x1131         Code  Gb  ldexp.o [4]
scalblnl                     0x1131         Code  Gb  ldexp.o [4]
scalbn                       0x1131         Code  Gb  ldexp.o [4]
scalbnl                      0x1131         Code  Gb  ldexp.o [4]
scale                         0xde5   0x46  Code  Lc  xprintffull_nomb.o [2]
sec_hand                0x2000'0008    0x4  Data  Lc  xfail_s.o [2]
strchr                        0xef9         Code  Gb  strchr.o [5]
strlen                        0xf51         Code  Gb  strlen.o [5]


[1] = D:\UNI\Semester 7\Embedded\Team1 CSE211 Project\Debug\Obj
[2] = dl7M_tln.a
[3] = driverlib.a
[4] = m7M_tls.a
[5] = rt7M_tl.a
[6] = shb_l.a

  9'262 bytes of readonly  code memory
     66 bytes of readonly  data memory
  4'108 bytes of readwrite data memory

Errors: none
Warnings: 1
